
Admin@DESKTOP-3LFH1JO MINGW64 ~
$ mkdir lab7

Admin@DESKTOP-3LFH1JO MINGW64 ~
$ cd lab7

Admin@DESKTOP-3LFH1JO MINGW64 ~/lab7
$ git init
Initialized empty Git repository in C:/Users/Admin/lab7/.git/

Admin@DESKTOP-3LFH1JO MINGW64 ~/lab7 (master)
$ git status
On branch master

No commits yet

Untracked files:
  (use "git add <file>..." to include in what will be committed)
        das1.py
        das2.py
        das3.py
        das4.py
        das5.py

nothing added to commit but untracked files present (use "git add" to track)

Admin@DESKTOP-3LFH1JO MINGW64 ~/lab7 (master)
$ git add das1.py

Admin@DESKTOP-3LFH1JO MINGW64 ~/lab7 (master)
$ git commit -m
error: switch `m' requires a value

Admin@DESKTOP-3LFH1JO MINGW64 ~/lab7 (master)
$ git commit -m "dasgal1"
Author identity unknown

*** Please tell me who you are.

Run

  git config --global user.email "you@example.com"
  git config --global user.name "Your Name"

to set your account's default identity.
Omit --global to set the identity only in this repository.

fatal: unable to auto-detect email address (got 'Admin@DESKTOP-3LFH1JO.(none)')

Admin@DESKTOP-3LFH1JO MINGW64 ~/lab7 (master)
$ git config --global user.email "eegy66410@gmail.com"

Admin@DESKTOP-3LFH1JO MINGW64 ~/lab7 (master)
$ git config --global user.name "Enkhbayarrrrrrr"

Admin@DESKTOP-3LFH1JO MINGW64 ~/lab7 (master)
$ git commit -m "dasgal1"
[master (root-commit) fb4550e] dasgal1
 1 file changed, 10 insertions(+)
 create mode 100644 das1.py

Admin@DESKTOP-3LFH1JO MINGW64 ~/lab7 (master)
$ git add .

Admin@DESKTOP-3LFH1JO MINGW64 ~/lab7 (master)
$ git commit -m "dasgaluud"
[master a8d42e3] dasgaluud
 4 files changed, 42 insertions(+)
 create mode 100644 das2.py
 create mode 100644 das3.py
 create mode 100644 das4.py
 create mode 100644 das5.py

Admin@DESKTOP-3LFH1JO MINGW64 ~/lab7 (master)
$ git init
Reinitialized existing Git repository in C:/Users/Admin/lab7/.git/

Admin@DESKTOP-3LFH1JO MINGW64 ~/lab7 (master)
$ git README.md
git: 'README.md' is not a git command. See 'git --help'.

Admin@DESKTOP-3LFH1JO MINGW64 ~/lab7 (master)
$ git add README.md
fatal: pathspec 'README.md' did not match any files

Admin@DESKTOP-3LFH1JO MINGW64 ~/lab7 (master)
$ git branch -M main

Admin@DESKTOP-3LFH1JO MINGW64 ~/lab7 (main)
$ remote add origin https://github.com/Enkhbayarrrrrrr/lab7.git
bash: remote: command not found

Admin@DESKTOP-3LFH1JO MINGW64 ~/lab7 (main)
$ git remote origin https://github.com/Enkhbayarrrrrrr/lab7.git
error: unknown subcommand: `origin'
usage: git remote [-v | --verbose]
   or: git remote add [-t <branch>] [-m <master>] [-f] [--tags | --no-tags] [--mirror=<fetch|push>] <name> <url>
   or: git remote rename [--[no-]progress] <old> <new>
   or: git remote remove <name>
   or: git remote set-head <name> (-a | --auto | -d | --delete | <branch>)
   or: git remote [-v | --verbose] show [-n] <name>
   or: git remote prune [-n | --dry-run] <name>
   or: git remote [-v | --verbose] update [-p | --prune] [(<group> | <remote>)...]
   or: git remote set-branches [--add] <name> <branch>...
   or: git remote get-url [--push] [--all] <name>
   or: git remote set-url [--push] <name> <newurl> [<oldurl>]
   or: git remote set-url --add <name> <newurl>
   or: git remote set-url --delete <name> <url>

    -v, --verbose         be verbose; must be placed before a subcommand


Admin@DESKTOP-3LFH1JO MINGW64 ~/lab7 (main)
$ git remote add origin https://github.com/Enkhbayarrrrrrr/lab7.git

Admin@DESKTOP-3LFH1JO MINGW64 ~/lab7 (main)
$ git push -u origin main
Enumerating objects: 9, done.
Counting objects: 100% (9/9), done.
Delta compression using up to 12 threads
Compressing objects: 100% (8/8), done.
Writing objects: 100% (9/9), 1.18 KiB | 1.18 MiB/s, done.
Total 9 (delta 0), reused 0 (delta 0), pack-reused 0
To https://github.com/Enkhbayarrrrrrr/lab7.git
 * [new branch]      main -> main
branch 'main' set up to track 'origin/main'.

Admin@DESKTOP-3LFH1JO MINGW64 ~/lab7 (main)
$ touch text.txt

Admin@DESKTOP-3LFH1JO MINGW64 ~/lab7 (main)
$ code text.txt

Admin@DESKTOP-3LFH1JO MINGW64 ~/lab7 (main)
